---
title: "Linux虚拟机使用 LVM 做磁盘扩容"
date: 2021-04-20T15:18:18+08:00
draft: false
isCJKLanguage: true
tags:
- Linux
---

## Vmware扩展磁盘并检查是否是LVM

> Ubuntu 20 默认会使用LVM

首先在Vmware中关机，并修改设置扩展磁盘，然后开机

执行`sudo fdisk -l`查看是否扩容成功

```
➜  ~ sudo fdisk -l

... 略去其他信息 ...
GPT PMBR size mismatch (41943039 != 419430399) will be corrected by write.
Disk /dev/sda: 200 GiB, 214748364800 bytes, 419430400 sectors
Disk model: VMware Virtual S
Units: sectors of 1 * 512 = 512 bytes
Sector size (logical/physical): 512 bytes / 512 bytes
I/O size (minimum/optimal): 512 bytes / 512 bytes
Disklabel type: gpt
Disk identifier: 85752C53-EDAD-4F99-8200-687B57E1EA3F

Device       Start      End  Sectors Size Type
/dev/sda1     2048     4095     2048   1M BIOS boot
/dev/sda2     4096  2101247  2097152   1G Linux filesystem
/dev/sda3  2101248 41940991 39839744  19G Linux filesystem


Disk /dev/mapper/ubuntu--vg-ubuntu--lv: 18.102 GiB, 20396900352 bytes, 39837696 sectors
Units: sectors of 1 * 512 = 512 bytes
Sector size (logical/physical): 512 bytes / 512 bytes
I/O size (minimum/optimal): 512 bytes / 512 bytes
```

其中有用的信息为

- `Disk /dev/sda: 200 GiB`：表示Vmware扩容成功
- `Disk /dev/mapper/ubuntu--vg-ubuntu--lv`：表示这是一个使用LVM的磁盘系统



## 操作步骤描述

- 在Vmware中关机，并修改设置扩展磁盘，然后开机（略）
- 将扩展的磁盘大小，新建为一个PhysicalVolume（PV）
- 将新建的PV合并到正在使用的VolumeGroup（GV）中
- 将LogicalVolume（LV）扩容（LV才是实际上使用到的磁盘）



## 具体操作命令以及解释

```
# 进入root
➜  ~ sudo -i

# 使用fdisk新建PV，会进入到一个交互式命令中
➜  ~ fdisk /dev/sda

```

> 下面的代码都是 `fdisk /dev/sda` 交互式命令的内容

```
# 输入 n，并且回车3次，将物理磁盘的剩余空间都新建为一个PV
Command (m for help): n

# 输出信息如下
Partition number (4-128, default 4): 4
First sector (41940992-419430366, default 41940992):
Last sector, +/-sectors or +/-size{K,M,G,T,P} (41940992-419430366, default 419430366):
Created a new partition 4 of type 'Linux filesystem' and of size 180 GiB.

# 输入t，修改新建的PV的类型，这里需要查看一下最前面 fdisk -l 命令返回的其他的PV的磁盘类型是什么，我这里是 "Linux filesystem" ，于是选择了20（输入L可以逐个查看数字对应的类型）
Command (m for help): t
Partition number (1-4, default 4): 4
Partition type (type L to list all types): 20
Changed type of partition 'Linux filesystem' to 'Linux filesystem'.

# 输入w，保存配置并退出
Command (m for help): w
The partition table has been altered.
Syncing disks.
```

> 回到普通的linux shell

（此时输入 `fdisk -l`会看到新建成功的PV `/dev/sda4`）

```
# 将新建的PV扩容到现有的VG（ubuntu-vg是我的操作系统的VG名称，按Tab会自动补全）
➜  ~ vgextend ubuntu-vg /dev/sda4

# 将LV扩容（这里是扩容到190G，也可以写 +180G）
➜  ~ lvextend -L 190G /dev/ubuntu-vg/ubuntu-lv

```



## 参考文章：
- https://linux.cn/article-3218-1.html
- https://ivo-wang.github.io/2019/03/26/Ubuntu-18.04-LTS-linux-LVM-%E6%89%A9%E5%AE%B9%E6%A0%B9%E5%88%86%E5%8C%BA/

